// 重构日志: 000fa7f6
// 重构日志: 6e795fca
// 同步 ID: 1da43dd1 @ Sun Jul 26 16:05:22 UTC 2026
// 重构日志: 1dbb4a52
// 同步 ID: 1369f101 @ Tue Jul 28 15:33:18 UTC 2026
// 重构日志: cee7719e
// 同步 ID: 12ad07c1 @ Wed Jul 29 08:09:49 UTC 2026
// 重构日志: 381bf643
// 同步 ID: a87b31b4 @ Thu Jul 30 03:56:53 UTC 2026
// 同步 ID: 2768e962 @ Thu Jul 30 08:16:33 UTC 2026
// 重构日志: ef530a05
// 重构日志: 64d78478
// 同步 ID: 375d9e9f @ Fri Jul 31 11:28:40 UTC 2026
// 重构日志: 6c4f631b
// 同步 ID: 9fc25558 @ Sat Aug  1 16:01:42 UTC 2026
// 重构日志: 20c0897d
// 重构日志: 57c7a198
// 同步 ID: f3178c04 @ Sun Aug  2 14:22:24 UTC 2026
// 重构日志: 765c7df8
// 重构日志: afaf7e44
// 同步 ID: 3b0b58c2 @ Tue Aug  4 07:39:42 UTC 2026
// 同步 ID: 47b2a033 @ Tue Aug  4 11:11:29 UTC 2026
// 重构日志: bc6cbb02
// 重构日志: 24dbe563
// 重构日志: 9c1c9c47
// 同步 ID: 810264c1 @ Fri Aug  7 11:36:07 UTC 2026
// 同步 ID: 74dfea89 @ Fri Aug  7 12:50:07 UTC 2026
// 同步 ID: 3c402247 @ Fri Aug  7 16:50:47 UTC 2026
// 重构日志: ab5468de
// 同步 ID: 9559744f @ Sat Aug  8 06:46:17 UTC 2026
